PS C:\Users\Ramyashree\csecondsem\C_activity_sets\set02> gcc problem02.c -O0 -g -o problem02.exe
PS C:\Users\Ramyashree\csecondsem\C_activity_sets\set02> gdb a.exe
GNU gdb (GDB) 7.6.1
Copyright (C) 2013 Free Software Foundation, Inc.
License GPLv3+: GNU GPL version 3 or later <http://gnu.org/licenses/gpl.html>
This is free software: you are free to change and redistribute it.
There is NO WARRANTY, to the extent permitted by law.  Type "show copying"
and "show warranty" for details.
This GDB was configured as "mingw32".
For bug reporting instructions, please see:
<http://www.gnu.org/software/gdb/bugs/>...
Reading symbols from C:\Users\Ramyashree\csecondsem\C_activity_sets\set02\a.exe...done.
(gdb) b main
Breakpoint 1 at 0x401517
(gdb) r
Starting program: C:\Users\Ramyashree\csecondsem\C_activity_sets\set02/a.exe 
[New Thread 7904.0x2580]
[New Thread 7904.0x21fc]

Breakpoint 1, 0x00401517 in main ()
(gdb) s
Single stepping until exit from function main,
which has no line number information.
Enter a side of a Triangle:
3
Enter a side of a Triangle:
3
Enter a side of a Triangle:
3
The Triangle with sides 3 , 3 and 3 is not scalene0x00401288 in __register_frame_info ()
(gdb) n
Single stepping until exit from function __register_frame_info,
which has no line number information.
0x0040128a in __register_frame_info ()
(gdb) n
Single stepping until exit from function __register_frame_info,
which has no line number information.
0x0040128f in __register_frame_info ()
(gdb) n
Single stepping until exit from function __register_frame_info,
which has no line number information.
0x00401292 in __register_frame_info ()
(gdb) s
Single stepping until exit from function __register_frame_info,
which has no line number information.
[Inferior 1 (process 7904) exited normally]
(gdb) r
Starting program: C:\Users\Ramyashree\csecondsem\C_activity_sets\set02/a.exe 
[New Thread 13352.0xff8]
[New Thread 13352.0x1cf4]

Breakpoint 1, 0x00401517 in main ()
(gdb) s
Single stepping until exit from function main,
which has no line number information.
Enter a side of a Triangle:
4
Enter a side of a Triangle:
5
Enter a side of a Triangle:
6
The Triangle with sides 4 , 5 and 6 is scalene0x00401288 in __register_frame_info ()
(gdb) q
A debugging session is active.

        Inferior 1 [process 13352] will be killed.

Quit anyway? (y or n) y
error return ../../gdb-7.6.1/gdb/windows-nat.c:1275 was 5
PS C:\Users\Ramyashree\csecondsem\C_activity_sets\set02> 