run time errors

PS C:\Users\Ramyashree\csecondsem\C_activity_sets\set03> gcc problem02.c 
PS C:\Users\Ramyashree\csecondsem\C_activity_sets\set03> ./a.exe
Enter the x and y co-ordinate for First point
2
3
Enter the x and yco-ordinate for Second point
2
3
Enter the x and yco-ordinate for Third point
3
4
The points (2.0, 3.0), (2.0, 3.0) and (3.0, 4.0) do not form a triangle
PS C:\Users\Ramyashree\csecondsem\C_activity_sets\set03> gcc problem02.c 
PS C:\Users\Ramyashree\csecondsem\C_activity_sets\set03> ./a.exe
Enter the x and y co-ordinate for First point
3
3
Enter the x and yco-ordinate for Second point
3
3
Enter the x and yco-ordinate for Third point
3
3
The points (3.0, 3.0), (3.0, 3.0) and (3.0, 3.0) do not form a triangle
PS C:\Users\Ramyashree\csecondsem\C_activity_sets\set03> ./a.exe
Enter the x and y co-ordinate for First point
0
1
Enter the x and yco-ordinate for Second point
1
2
Enter the x and yco-ordinate for Third point
2
1
The points (0.0, 1.0), (1.0, 2.0) and (2.0, 1.0) do not form a triangle
PS C:\Users\Ramyashree\csecondsem\C_activity_sets\set03> ./a.exe
Enter the x and y co-ordinate for First point
1
3
Enter the x and yco-ordinate for Second point
3
6
Enter the x and yco-ordinate for Third point
6
9
The points (1.0, 3.0), (3.0, 6.0) and (6.0, 9.0) do not form a triangle
PS C:\Users\Ramyashree\csecondsem\C_activity_sets\set03> ./a.exe
Enter the x and y co-ordinate for First point
0
0
Enter the x and yco-ordinate for Second point
0
0
Enter the x and yco-ordinate for Third point
3
4
The points (0.0, 0.0), (0.0, 0.0) and (3.0, 4.0) do not form a triangle
PS C:\Users\Ramyashree\csecondsem\C_activity_sets\set03> ./a.exe
Enter the x and y co-ordinate for First point
0
3
Enter the x and yco-ordinate for Second point
3
3
Enter the x and yco-ordinate for Third point
0
3
The points (0.0, 3.0), (3.0, 3.0) and (0.0, 3.0) do not form a triangle
PS C:\Users\Ramyashree\csecondsem\C_activity_sets\set03> ./a.exe
Enter the x and y co-ordinate for First point
0
0
Enter the x and yco-ordinate for Second point
3
0
Enter the x and yco-ordinate for Third point
0
4
The points (0.0, 0.0), (3.0, 0.0) and (0.0, 4.0) do not form a triangle
PS C:\Users\Ramyashree\csecondsem\C_activity_sets\set03> ./a.exe
Enter the x and y co-ordinate for First point
0
0
Enter the x and yco-ordinate for Second point
2
3
Enter the x and yco-ordinate for Third point
4
0
The points (0.0, 0.0), (2.0, 3.0) and (4.0, 0.0) do not form a triangle
PS C:\Users\Ramyashree\csecondsem\C_activity_sets\set03> gcc problem02.c
PS C:\Users\Ramyashree\csecondsem\C_activity_sets\set03> ./a.exe
Enter the x and y co-ordinate for First point
0
0
Enter the x and yco-ordinate for Second point
2
3
Enter the x and yco-ordinate for Third point
4
0
The points (0.0, 0.0), (2.0, 3.0) and (4.0, 0.0) do not form a triangle
PS C:\Users\Ramyashree\csecondsem\C_activity_sets\set03>