PS C:\Users\Ramyashree\csecondsem\C_activity_sets\set01> gcc problem07.c -O0 -g
PS C:\Users\Ramyashree\csecondsem\C_activity_sets\set01> gdb a.exe
GNU gdb (GDB) 7.6.1
Copyright (C) 2013 Free Software Foundation, Inc.
License GPLv3+: GNU GPL version 3 or later <http://gnu.org/licenses/gpl.html>
This is free software: you are free to change and redistribute it.
There is NO WARRANTY, to the extent permitted by law.  Type "show copying"
and "show warranty" for details.
This GDB was configured as "mingw32".
For bug reporting instructions, please see:
<http://www.gnu.org/software/gdb/bugs/>...
Reading symbols from C:\Users\Ramyashree\csecondsem\C_activity_sets\set01\a.exe...done.
(gdb) b main
Breakpoint 1 at 0x4014ef: file problem07.c, line 46.
(gdb) r
Starting program: C:\Users\Ramyashree\csecondsem\C_activity_sets\set01/a.exe 
[New Thread 10404.0xa70]
[New Thread 10404.0x2010]

Breakpoint 1, main () at problem07.c:46
46          int n,sum=0;
(gdb) n
47          n= input_n();
(gdb) n
Enter the number:
2
48          sum= sum_n_nos(n);
(gdb) n
49          output(n,sum);
(gdb) n
The sum of first 2 natural numbers is: 3
50          return 0;
(gdb) print sum
$1 = 3
(gdb) q
A debugging session is active.

        Inferior 1 [process 10404] will be killed.

Quit anyway? (y or n) y
error return ../../gdb-7.6.1/gdb/windows-nat.c:1275 was 5