PS C:\Users\Ramyashree\csecondsem\C_activity_sets\set01> gcc problem05.c -O0 -g -o problem05.exe
PS C:\Users\Ramyashree\csecondsem\C_activity_sets\set01> gdb a.exe 
GNU gdb (GDB) 7.6.1
Copyright (C) 2013 Free Software Foundation, Inc.
License GPLv3+: GNU GPL version 3 or later <http://gnu.org/licenses/gpl.html>
This is free software: you are free to change and redistribute it.
There is NO WARRANTY, to the extent permitted by law.  Type "show copying"
and "show warranty" for details.
This GDB was configured as "mingw32".
For bug reporting instructions, please see:
<http://www.gnu.org/software/gdb/bugs/>...
Reading symbols from C:\Users\Ramyashree\csecondsem\C_activity_sets\set01\a.exe...done.
(gdb) b main
Breakpoint 1 at 0x401463
(gdb) r
Starting program: C:\Users\Ramyashree\csecondsem\C_activity_sets\set01/a.exe 
[New Thread 8960.0x3c20]
[New Thread 8960.0x2af8]

Breakpoint 1, 0x00401463 in main ()
(gdb) q
A debugging session is active.

        Inferior 1 [process 8960] will be killed.

Quit anyway? (y or n) y
error return ../../gdb-7.6.1/gdb/windows-nat.c:1275 was 5
PS C:\Users\Ramyashree\csecondsem\C_activity_sets\set01> gcc problem06.c -O0 -g -o problem06.exe
PS C:\Users\Ramyashree\csecondsem\C_activity_sets\set01> gdb a.exe
GNU gdb (GDB) 7.6.1
Copyright (C) 2013 Free Software Foundation, Inc.
License GPLv3+: GNU GPL version 3 or later <http://gnu.org/licenses/gpl.html>
This is free software: you are free to change and redistribute it.
There is NO WARRANTY, to the extent permitted by law.  Type "show copying"
and "show warranty" for details.
This GDB was configured as "mingw32".
For bug reporting instructions, please see:
<http://www.gnu.org/software/gdb/bugs/>...
Reading symbols from C:\Users\Ramyashree\csecondsem\C_activity_sets\set01\a.exe...done.
(gdb) b main
Breakpoint 1 at 0x401463
(gdb) r     
Starting program: C:\Users\Ramyashree\csecondsem\C_activity_sets\set01/a.exe 
[New Thread 20040.0x4df0]
[New Thread 20040.0x2ecc]

Breakpoint 1, 0x00401463 in main ()
(gdb) n
Single stepping until exit from function main,
which has no line number information.
Enter the values for a,b and c
6
Enter the values for a,b and c
7
Enter the values for a,b and c
3
The Largest is 7