PS C:\Users\Ramyashree\csecondsem\C_activity_sets\set01> gcc problem02.c -O0 -g -o problem02.exe
PS C:\Users\Ramyashree\csecondsem\C_activity_sets\set01> gdb a.exe
GNU gdb (GDB) 7.6.1
Copyright (C) 2013 Free Software Foundation, Inc.
License GPLv3+: GNU GPL version 3 or later <http://gnu.org/licenses/gpl.html>
This is free software: you are free to change and redistribute it.
There is NO WARRANTY, to the extent permitted by law.  Type "show copying"
and "show warranty" for details.
This GDB was configured as "mingw32".
For bug reporting instructions, please see:
<http://www.gnu.org/software/gdb/bugs/>...
Reading symbols from C:\Users\Ramyashree\csecondsem\C_activity_sets\set01\a.exe...done.
(gdb) b main
Breakpoint 1 at 0x40146e: file problem02.c, line 6.
(gdb) r
Starting program: C:\Users\Ramyashree\csecondsem\C_activity_sets\set01/a.exe 
[New Thread 17496.0x1f80]
[New Thread 17496.0x3e04]

Breakpoint 1, main () at problem02.c:6
6           printf("Enter the First number\n");
(gdb) n
Enter the First number
7           scanf("%d", &num1);
(gdb) n
23
8           printf("Enter the Second Number\n");
(gdb) n
Enter the Second Number
9           scanf("%d", &num2);
(gdb) n
21
10          sum = num1 + num2;
(gdb) n
11          printf("The Sum of %d and %d is %d\n", num1, num2, sum);
(gdb) n
The Sum of 23 and 21 is 44
12          return 0;
(gdb) n
13      }
(gdb) print num1
$1 = 23
(gdb) print num2
$2 = 21
(gdb) print sum
$3 = 44
(gdb) Quit (expect signal SIGINT when the program is resumed)
(gdb) q
A debugging session is active.

        Inferior 1 [process 17496] will be killed.

Quit anyway? (y or n) y
error return ../../gdb-7.6.1/gdb/windows-nat.c:1275 was 5