PS C:\Users\Ramyashree\csecondsem\C_activity_sets\set01> gcc problem09.c -O0 -g
PS C:\Users\Ramyashree\csecondsem\C_activity_sets\set01> gdb a.exe
GNU gdb (GDB) 7.6.1
Copyright (C) 2013 Free Software Foundation, Inc.
License GPLv3+: GNU GPL version 3 or later <http://gnu.org/licenses/gpl.html>
This is free software: you are free to change and redistribute it.
There is NO WARRANTY, to the extent permitted by law.  Type "show copying"
and "show warranty" for details.
This GDB was configured as "mingw32".
For bug reporting instructions, please see:
<http://www.gnu.org/software/gdb/bugs/>...
Reading symbols from C:\Users\Ramyashree\csecondsem\C_activity_sets\set01\a.exe...done.
(gdb) b main
Breakpoint 1 at 0x401514: file problem09.c, line 46.
(gdb) r
Starting program: C:\Users\Ramyashree\csecondsem\C_activity_sets\set01/a.exe 
[New Thread 21168.0x4908]
[New Thread 21168.0x1910]

Breakpoint 1, main () at problem09.c:46
46          n= input();
(gdb) n
Enter a number
25
48          sqrroot=square_root(n);
(gdb) n
49          output(n,sqrroot);
(gdb) n
Square root of 25 is  550           return 0;
(gdb) q
A debugging session is active.

        Inferior 1 [process 21168] will be killed.

Quit anyway? (y or n) y
error return ../../gdb-7.6.1/gdb/windows-nat.c:1275 was 5