PS C:\Users\Ramyashree\csecondsem\C_activity_sets\set01> gcc problem11.c -O0 -g
PS C:\Users\Ramyashree\csecondsem\C_activity_sets\set01> gdb a.exe
GNU gdb (GDB) 7.6.1
Copyright (C) 2013 Free Software Foundation, Inc.
License GPLv3+: GNU GPL version 3 or later <http://gnu.org/licenses/gpl.html>
This is free software: you are free to change and redistribute it.
There is NO WARRANTY, to the extent permitted by law.  Type "show copying"
and "show warranty" for details.
This GDB was configured as "mingw32".
For bug reporting instructions, please see:
<http://www.gnu.org/software/gdb/bugs/>...
Reading symbols from C:\Users\Ramyashree\csecondsem\C_activity_sets\set01\a.exe...done.
(gdb) b main
Breakpoint 1 at 0x401526: file problem11.c, line 56.
(gdb) r
Starting program: C:\Users\Ramyashree\csecondsem\C_activity_sets\set01/a.exe 
[New Thread 14852.0x54f4]
[New Thread 14852.0x3638]

Breakpoint 1, main () at problem11.c:56
56          a=input_complex();
(gdb) n
Enter the real part
^\
Enter the imaginary part
57          b=input_complex();
(gdb) r
The program being debugged has been started already.
Start it from the beginning? (y or n) y
error return ../../gdb-7.6.1/gdb/windows-nat.c:1275 was 5
Starting program: C:\Users\Ramyashree\csecondsem\C_activity_sets\set01/a.exe 
[New Thread 14988.0x38e8]
[New Thread 14988.0x4c70]

Breakpoint 1, main () at problem11.c:56
56          a=input_complex();
(gdb) b main
Note: breakpoint 1 also set at pc 0x401526.
Breakpoint 2 at 0x401526: file problem11.c, line 56.
(gdb) r
The program being debugged has been started already.
Start it from the beginning? (y or n) y
error return ../../gdb-7.6.1/gdb/windows-nat.c:1275 was 5
Starting program: C:\Users\Ramyashree\csecondsem\C_activity_sets\set01/a.exe 
[New Thread 284.0x5298]
[New Thread 284.0x21e0]

Breakpoint 1, main () at problem11.c:56
56          a=input_complex();
(gdb) n
Enter the real part
3
Enter the imaginary part
4
57          b=input_complex();
(gdb) n
Enter the real part
7
Enter the imaginary part
9
58          sum= add_complex(a,b);
(gdb) n
59          output(a,b,sum);
(gdb) n
The sum of  3+ 4i and  7+ 9i is 10+13i60            return 0;
(gdb) q
A debugging session is active.

        Inferior 1 [process 284] will be killed.

Quit anyway? (y or n) y
error return ../../gdb-7.6.1/gdb/windows-nat.c:1275 was 5
PS C:\Users\Ramyashree\csecondsem\C_activity_sets\set01> 